// Jest Snapshot v1, https://goo.gl/fbAQLP

exports[`Square should match the snapshot 1`] = `
ShallowWrapper {
  "length": 1,
  Symbol(enzyme.__root__): [Circular],
  Symbol(enzyme.__unrendered__): <Square
    bishopPosition={
        Array [
            2,
            7,
          ]
    }
    chessPiece="bishop"
    gameMode="democrat"
    knightPosition={
        Array [
            1,
            7,
          ]
    }
    selectPiece={[Function]}
    setSquare={[Function]}
    squareColor={true}
    squareX={3}
    squareY={8}
/>,
  Symbol(enzyme.__renderer__): Object {
    "batchedUpdates": [Function],
    "getNode": [Function],
    "render": [Function],
    "simulateEvent": [Function],
    "unmount": [Function],
  },
  Symbol(enzyme.__node__): Object {
    "instance": null,
    "key": undefined,
    "nodeType": "host",
    "props": Object {
      "children": <div
        className="oneSquare white"
>
        <div
                className="piece-container"
                id="38"
                onClick={[Function]}
        >
                
        </div>
</div>,
      "className": "Square",
    },
    "ref": null,
    "rendered": Object {
      "instance": null,
      "key": undefined,
      "nodeType": "host",
      "props": Object {
        "children": <div
          className="piece-container"
          id="38"
          onClick={[Function]}
>
          
</div>,
        "className": "oneSquare white",
      },
      "ref": null,
      "rendered": Object {
        "instance": null,
        "key": undefined,
        "nodeType": "host",
        "props": Object {
          "children": Array [
            null,
            null,
          ],
          "className": "piece-container",
          "id": "38",
          "onClick": [Function],
        },
        "ref": null,
        "rendered": Array [
          null,
          null,
        ],
        "type": "div",
      },
      "type": "div",
    },
    "type": "div",
  },
  Symbol(enzyme.__nodes__): Array [
    Object {
      "instance": null,
      "key": undefined,
      "nodeType": "host",
      "props": Object {
        "children": <div
          className="oneSquare white"
>
          <div
                    className="piece-container"
                    id="38"
                    onClick={[Function]}
          >
                    
          </div>
</div>,
        "className": "Square",
      },
      "ref": null,
      "rendered": Object {
        "instance": null,
        "key": undefined,
        "nodeType": "host",
        "props": Object {
          "children": <div
            className="piece-container"
            id="38"
            onClick={[Function]}
>
            
</div>,
          "className": "oneSquare white",
        },
        "ref": null,
        "rendered": Object {
          "instance": null,
          "key": undefined,
          "nodeType": "host",
          "props": Object {
            "children": Array [
              null,
              null,
            ],
            "className": "piece-container",
            "id": "38",
            "onClick": [Function],
          },
          "ref": null,
          "rendered": Array [
            null,
            null,
          ],
          "type": "div",
        },
        "type": "div",
      },
      "type": "div",
    },
  ],
  Symbol(enzyme.__options__): Object {
    "adapter": ReactSixteenAdapter {
      "options": Object {
        "enableComponentDidUpdateOnSetState": true,
      },
    },
  },
}
`;
