// Jest Snapshot v1, https://goo.gl/fbAQLP

exports[`ControlPanel should match the snapshot 1`] = `
ShallowWrapper {
  "length": 1,
  Symbol(enzyme.__root__): [Circular],
  Symbol(enzyme.__unrendered__): <ControlPanel
    chessPiece="bishop"
    message="Select a piece to move"
    mode={[Function]}
/>,
  Symbol(enzyme.__renderer__): Object {
    "batchedUpdates": [Function],
    "getNode": [Function],
    "render": [Function],
    "simulateEvent": [Function],
    "unmount": [Function],
  },
  Symbol(enzyme.__node__): Object {
    "instance": null,
    "key": undefined,
    "nodeType": "host",
    "props": Object {
      "children": Array [
        <div
          className="logo-div sider-div"
>
          <img
                    alt="logo"
                    className="logo"
                    src="logo.png"
          />
</div>,
        <div
          className="mode-form sider-div"
>
          <h2>
                     Select a game mode 
          </h2>
          <form>
                    <div
                              className="radio"
                    >
                              <label>
                                        <input
                                                  checked={true}
                                                  className="standard"
                                                  onChange={[Function]}
                                                  type="radio"
                                                  value="standard"
                                        />
                                        Standard Chess
                              </label>
                    </div>
                    <div
                              className="radio"
                    >
                              <label>
                                        <input
                                                  checked={false}
                                                  onChange={[Function]}
                                                  type="radio"
                                                  value="democrat"
                                        />
                                        Democrat
                              </label>
                    </div>
                    <div
                              className="radio"
                    >
                              <label>
                                        <input
                                                  checked={false}
                                                  onChange={[Function]}
                                                  type="radio"
                                                  value="republican"
                                        />
                                        Republican
                              </label>
                    </div>
          </form>
          <hr />
</div>,
        <div
          className="message-div sider-div"
>
          <h2>
                    Bishop selected
                     
          </h2>
          <h2>
                     
                    Select a piece to move
                     
          </h2>
</div>,
      ],
      "className": "controlPanel",
    },
    "ref": null,
    "rendered": Array [
      Object {
        "instance": null,
        "key": undefined,
        "nodeType": "host",
        "props": Object {
          "children": <img
            alt="logo"
            className="logo"
            src="logo.png"
/>,
          "className": "logo-div sider-div",
        },
        "ref": null,
        "rendered": Object {
          "instance": null,
          "key": undefined,
          "nodeType": "host",
          "props": Object {
            "alt": "logo",
            "className": "logo",
            "src": "logo.png",
          },
          "ref": null,
          "rendered": null,
          "type": "img",
        },
        "type": "div",
      },
      Object {
        "instance": null,
        "key": undefined,
        "nodeType": "host",
        "props": Object {
          "children": Array [
            <h2>
               Select a game mode 
</h2>,
            <form>
              <div
                            className="radio"
              >
                            <label>
                                          <input
                                                        checked={true}
                                                        className="standard"
                                                        onChange={[Function]}
                                                        type="radio"
                                                        value="standard"
                                          />
                                          Standard Chess
                            </label>
              </div>
              <div
                            className="radio"
              >
                            <label>
                                          <input
                                                        checked={false}
                                                        onChange={[Function]}
                                                        type="radio"
                                                        value="democrat"
                                          />
                                          Democrat
                            </label>
              </div>
              <div
                            className="radio"
              >
                            <label>
                                          <input
                                                        checked={false}
                                                        onChange={[Function]}
                                                        type="radio"
                                                        value="republican"
                                          />
                                          Republican
                            </label>
              </div>
</form>,
            <hr />,
          ],
          "className": "mode-form sider-div",
        },
        "ref": null,
        "rendered": Array [
          Object {
            "instance": null,
            "key": undefined,
            "nodeType": "host",
            "props": Object {
              "children": " Select a game mode ",
            },
            "ref": null,
            "rendered": " Select a game mode ",
            "type": "h2",
          },
          Object {
            "instance": null,
            "key": undefined,
            "nodeType": "host",
            "props": Object {
              "children": Array [
                <div
                  className="radio"
>
                  <label>
                                    <input
                                                      checked={true}
                                                      className="standard"
                                                      onChange={[Function]}
                                                      type="radio"
                                                      value="standard"
                                    />
                                    Standard Chess
                  </label>
</div>,
                <div
                  className="radio"
>
                  <label>
                                    <input
                                                      checked={false}
                                                      onChange={[Function]}
                                                      type="radio"
                                                      value="democrat"
                                    />
                                    Democrat
                  </label>
</div>,
                <div
                  className="radio"
>
                  <label>
                                    <input
                                                      checked={false}
                                                      onChange={[Function]}
                                                      type="radio"
                                                      value="republican"
                                    />
                                    Republican
                  </label>
</div>,
              ],
            },
            "ref": null,
            "rendered": Array [
              Object {
                "instance": null,
                "key": undefined,
                "nodeType": "host",
                "props": Object {
                  "children": <label>
                    <input
                                        checked={true}
                                        className="standard"
                                        onChange={[Function]}
                                        type="radio"
                                        value="standard"
                    />
                    Standard Chess
</label>,
                  "className": "radio",
                },
                "ref": null,
                "rendered": Object {
                  "instance": null,
                  "key": undefined,
                  "nodeType": "host",
                  "props": Object {
                    "children": Array [
                      <input
                        checked={true}
                        className="standard"
                        onChange={[Function]}
                        type="radio"
                        value="standard"
/>,
                      "Standard Chess",
                    ],
                  },
                  "ref": null,
                  "rendered": Array [
                    Object {
                      "instance": null,
                      "key": undefined,
                      "nodeType": "host",
                      "props": Object {
                        "checked": true,
                        "className": "standard",
                        "onChange": [Function],
                        "type": "radio",
                        "value": "standard",
                      },
                      "ref": null,
                      "rendered": null,
                      "type": "input",
                    },
                    "Standard Chess",
                  ],
                  "type": "label",
                },
                "type": "div",
              },
              Object {
                "instance": null,
                "key": undefined,
                "nodeType": "host",
                "props": Object {
                  "children": <label>
                    <input
                                        checked={false}
                                        onChange={[Function]}
                                        type="radio"
                                        value="democrat"
                    />
                    Democrat
</label>,
                  "className": "radio",
                },
                "ref": null,
                "rendered": Object {
                  "instance": null,
                  "key": undefined,
                  "nodeType": "host",
                  "props": Object {
                    "children": Array [
                      <input
                        checked={false}
                        onChange={[Function]}
                        type="radio"
                        value="democrat"
/>,
                      "Democrat",
                    ],
                  },
                  "ref": null,
                  "rendered": Array [
                    Object {
                      "instance": null,
                      "key": undefined,
                      "nodeType": "host",
                      "props": Object {
                        "checked": false,
                        "onChange": [Function],
                        "type": "radio",
                        "value": "democrat",
                      },
                      "ref": null,
                      "rendered": null,
                      "type": "input",
                    },
                    "Democrat",
                  ],
                  "type": "label",
                },
                "type": "div",
              },
              Object {
                "instance": null,
                "key": undefined,
                "nodeType": "host",
                "props": Object {
                  "children": <label>
                    <input
                                        checked={false}
                                        onChange={[Function]}
                                        type="radio"
                                        value="republican"
                    />
                    Republican
</label>,
                  "className": "radio",
                },
                "ref": null,
                "rendered": Object {
                  "instance": null,
                  "key": undefined,
                  "nodeType": "host",
                  "props": Object {
                    "children": Array [
                      <input
                        checked={false}
                        onChange={[Function]}
                        type="radio"
                        value="republican"
/>,
                      "Republican",
                    ],
                  },
                  "ref": null,
                  "rendered": Array [
                    Object {
                      "instance": null,
                      "key": undefined,
                      "nodeType": "host",
                      "props": Object {
                        "checked": false,
                        "onChange": [Function],
                        "type": "radio",
                        "value": "republican",
                      },
                      "ref": null,
                      "rendered": null,
                      "type": "input",
                    },
                    "Republican",
                  ],
                  "type": "label",
                },
                "type": "div",
              },
            ],
            "type": "form",
          },
          Object {
            "instance": null,
            "key": undefined,
            "nodeType": "host",
            "props": Object {},
            "ref": null,
            "rendered": null,
            "type": "hr",
          },
        ],
        "type": "div",
      },
      Object {
        "instance": null,
        "key": undefined,
        "nodeType": "host",
        "props": Object {
          "children": Array [
            <h2>
              Bishop selected
               
</h2>,
            <h2>
               
              Select a piece to move
               
</h2>,
          ],
          "className": "message-div sider-div",
        },
        "ref": null,
        "rendered": Array [
          Object {
            "instance": null,
            "key": undefined,
            "nodeType": "host",
            "props": Object {
              "children": Array [
                "Bishop selected",
                " ",
              ],
            },
            "ref": null,
            "rendered": Array [
              "Bishop selected",
              " ",
            ],
            "type": "h2",
          },
          Object {
            "instance": null,
            "key": undefined,
            "nodeType": "host",
            "props": Object {
              "children": Array [
                " ",
                "Select a piece to move",
                " ",
              ],
            },
            "ref": null,
            "rendered": Array [
              " ",
              "Select a piece to move",
              " ",
            ],
            "type": "h2",
          },
        ],
        "type": "div",
      },
    ],
    "type": "div",
  },
  Symbol(enzyme.__nodes__): Array [
    Object {
      "instance": null,
      "key": undefined,
      "nodeType": "host",
      "props": Object {
        "children": Array [
          <div
            className="logo-div sider-div"
>
            <img
                        alt="logo"
                        className="logo"
                        src="logo.png"
            />
</div>,
          <div
            className="mode-form sider-div"
>
            <h2>
                         Select a game mode 
            </h2>
            <form>
                        <div
                                    className="radio"
                        >
                                    <label>
                                                <input
                                                            checked={true}
                                                            className="standard"
                                                            onChange={[Function]}
                                                            type="radio"
                                                            value="standard"
                                                />
                                                Standard Chess
                                    </label>
                        </div>
                        <div
                                    className="radio"
                        >
                                    <label>
                                                <input
                                                            checked={false}
                                                            onChange={[Function]}
                                                            type="radio"
                                                            value="democrat"
                                                />
                                                Democrat
                                    </label>
                        </div>
                        <div
                                    className="radio"
                        >
                                    <label>
                                                <input
                                                            checked={false}
                                                            onChange={[Function]}
                                                            type="radio"
                                                            value="republican"
                                                />
                                                Republican
                                    </label>
                        </div>
            </form>
            <hr />
</div>,
          <div
            className="message-div sider-div"
>
            <h2>
                        Bishop selected
                         
            </h2>
            <h2>
                         
                        Select a piece to move
                         
            </h2>
</div>,
        ],
        "className": "controlPanel",
      },
      "ref": null,
      "rendered": Array [
        Object {
          "instance": null,
          "key": undefined,
          "nodeType": "host",
          "props": Object {
            "children": <img
              alt="logo"
              className="logo"
              src="logo.png"
/>,
            "className": "logo-div sider-div",
          },
          "ref": null,
          "rendered": Object {
            "instance": null,
            "key": undefined,
            "nodeType": "host",
            "props": Object {
              "alt": "logo",
              "className": "logo",
              "src": "logo.png",
            },
            "ref": null,
            "rendered": null,
            "type": "img",
          },
          "type": "div",
        },
        Object {
          "instance": null,
          "key": undefined,
          "nodeType": "host",
          "props": Object {
            "children": Array [
              <h2>
                 Select a game mode 
</h2>,
              <form>
                <div
                                className="radio"
                >
                                <label>
                                                <input
                                                                checked={true}
                                                                className="standard"
                                                                onChange={[Function]}
                                                                type="radio"
                                                                value="standard"
                                                />
                                                Standard Chess
                                </label>
                </div>
                <div
                                className="radio"
                >
                                <label>
                                                <input
                                                                checked={false}
                                                                onChange={[Function]}
                                                                type="radio"
                                                                value="democrat"
                                                />
                                                Democrat
                                </label>
                </div>
                <div
                                className="radio"
                >
                                <label>
                                                <input
                                                                checked={false}
                                                                onChange={[Function]}
                                                                type="radio"
                                                                value="republican"
                                                />
                                                Republican
                                </label>
                </div>
</form>,
              <hr />,
            ],
            "className": "mode-form sider-div",
          },
          "ref": null,
          "rendered": Array [
            Object {
              "instance": null,
              "key": undefined,
              "nodeType": "host",
              "props": Object {
                "children": " Select a game mode ",
              },
              "ref": null,
              "rendered": " Select a game mode ",
              "type": "h2",
            },
            Object {
              "instance": null,
              "key": undefined,
              "nodeType": "host",
              "props": Object {
                "children": Array [
                  <div
                    className="radio"
>
                    <label>
                                        <input
                                                            checked={true}
                                                            className="standard"
                                                            onChange={[Function]}
                                                            type="radio"
                                                            value="standard"
                                        />
                                        Standard Chess
                    </label>
</div>,
                  <div
                    className="radio"
>
                    <label>
                                        <input
                                                            checked={false}
                                                            onChange={[Function]}
                                                            type="radio"
                                                            value="democrat"
                                        />
                                        Democrat
                    </label>
</div>,
                  <div
                    className="radio"
>
                    <label>
                                        <input
                                                            checked={false}
                                                            onChange={[Function]}
                                                            type="radio"
                                                            value="republican"
                                        />
                                        Republican
                    </label>
</div>,
                ],
              },
              "ref": null,
              "rendered": Array [
                Object {
                  "instance": null,
                  "key": undefined,
                  "nodeType": "host",
                  "props": Object {
                    "children": <label>
                      <input
                                            checked={true}
                                            className="standard"
                                            onChange={[Function]}
                                            type="radio"
                                            value="standard"
                      />
                      Standard Chess
</label>,
                    "className": "radio",
                  },
                  "ref": null,
                  "rendered": Object {
                    "instance": null,
                    "key": undefined,
                    "nodeType": "host",
                    "props": Object {
                      "children": Array [
                        <input
                          checked={true}
                          className="standard"
                          onChange={[Function]}
                          type="radio"
                          value="standard"
/>,
                        "Standard Chess",
                      ],
                    },
                    "ref": null,
                    "rendered": Array [
                      Object {
                        "instance": null,
                        "key": undefined,
                        "nodeType": "host",
                        "props": Object {
                          "checked": true,
                          "className": "standard",
                          "onChange": [Function],
                          "type": "radio",
                          "value": "standard",
                        },
                        "ref": null,
                        "rendered": null,
                        "type": "input",
                      },
                      "Standard Chess",
                    ],
                    "type": "label",
                  },
                  "type": "div",
                },
                Object {
                  "instance": null,
                  "key": undefined,
                  "nodeType": "host",
                  "props": Object {
                    "children": <label>
                      <input
                                            checked={false}
                                            onChange={[Function]}
                                            type="radio"
                                            value="democrat"
                      />
                      Democrat
</label>,
                    "className": "radio",
                  },
                  "ref": null,
                  "rendered": Object {
                    "instance": null,
                    "key": undefined,
                    "nodeType": "host",
                    "props": Object {
                      "children": Array [
                        <input
                          checked={false}
                          onChange={[Function]}
                          type="radio"
                          value="democrat"
/>,
                        "Democrat",
                      ],
                    },
                    "ref": null,
                    "rendered": Array [
                      Object {
                        "instance": null,
                        "key": undefined,
                        "nodeType": "host",
                        "props": Object {
                          "checked": false,
                          "onChange": [Function],
                          "type": "radio",
                          "value": "democrat",
                        },
                        "ref": null,
                        "rendered": null,
                        "type": "input",
                      },
                      "Democrat",
                    ],
                    "type": "label",
                  },
                  "type": "div",
                },
                Object {
                  "instance": null,
                  "key": undefined,
                  "nodeType": "host",
                  "props": Object {
                    "children": <label>
                      <input
                                            checked={false}
                                            onChange={[Function]}
                                            type="radio"
                                            value="republican"
                      />
                      Republican
</label>,
                    "className": "radio",
                  },
                  "ref": null,
                  "rendered": Object {
                    "instance": null,
                    "key": undefined,
                    "nodeType": "host",
                    "props": Object {
                      "children": Array [
                        <input
                          checked={false}
                          onChange={[Function]}
                          type="radio"
                          value="republican"
/>,
                        "Republican",
                      ],
                    },
                    "ref": null,
                    "rendered": Array [
                      Object {
                        "instance": null,
                        "key": undefined,
                        "nodeType": "host",
                        "props": Object {
                          "checked": false,
                          "onChange": [Function],
                          "type": "radio",
                          "value": "republican",
                        },
                        "ref": null,
                        "rendered": null,
                        "type": "input",
                      },
                      "Republican",
                    ],
                    "type": "label",
                  },
                  "type": "div",
                },
              ],
              "type": "form",
            },
            Object {
              "instance": null,
              "key": undefined,
              "nodeType": "host",
              "props": Object {},
              "ref": null,
              "rendered": null,
              "type": "hr",
            },
          ],
          "type": "div",
        },
        Object {
          "instance": null,
          "key": undefined,
          "nodeType": "host",
          "props": Object {
            "children": Array [
              <h2>
                Bishop selected
                 
</h2>,
              <h2>
                 
                Select a piece to move
                 
</h2>,
            ],
            "className": "message-div sider-div",
          },
          "ref": null,
          "rendered": Array [
            Object {
              "instance": null,
              "key": undefined,
              "nodeType": "host",
              "props": Object {
                "children": Array [
                  "Bishop selected",
                  " ",
                ],
              },
              "ref": null,
              "rendered": Array [
                "Bishop selected",
                " ",
              ],
              "type": "h2",
            },
            Object {
              "instance": null,
              "key": undefined,
              "nodeType": "host",
              "props": Object {
                "children": Array [
                  " ",
                  "Select a piece to move",
                  " ",
                ],
              },
              "ref": null,
              "rendered": Array [
                " ",
                "Select a piece to move",
                " ",
              ],
              "type": "h2",
            },
          ],
          "type": "div",
        },
      ],
      "type": "div",
    },
  ],
  Symbol(enzyme.__options__): Object {
    "adapter": ReactSixteenAdapter {
      "options": Object {
        "enableComponentDidUpdateOnSetState": true,
      },
    },
  },
}
`;
